******************************************************************************
                  TI ARM Linker PC v18.1.4                     
******************************************************************************
>> Linked Sun Mar 10 16:49:10 2019

OUTPUT FILE NAME:   <ble5_project_zero_cc2640r2lp_app.out>
ENTRY POINT SYMBOL: "ResetISR"  address: 00017311


MEMORY CONFIGURATION

         name            origin    length      used     unused   attr    fill
----------------------  --------  ---------  --------  --------  ----  --------
  FLASH                 00000000   0001f000  0001ec3e  000003c2  R  X
  FLASH_LAST_PAGE       0001f000   00001000  00000058  00000fa8  R  X
  SRAM                  20000000   00004400  00004031  000003cf  RW X


SEGMENT ALLOCATION MAP

run origin  load origin   length   init length attrs members
----------  ----------- ---------- ----------- ----- -------
00000000    00000000    0001ce28   0001ce28    r-x
  00000000    00000000    0000003c   0000003c    r-- .resetVecs
  0000003c    0000003c    00000fc4   00000fc4    r-x .text.1
  00001000    00001000    00000028   00000028    r-- .const:ti_sysbios_heaps_HeapMem_Module__FXNS__C
  00001028    00001028    00000024   00000024    r-- .const:ti_sysbios_gates_GateHwi_Module__FXNS__C
  0000104c    0000104c    00000024   00000024    r-- .const:ti_sysbios_gates_GateMutex_Module__FXNS__C
  00001070    00001070    00000020   00000020    r-- .const:ti_sysbios_family_arm_m3_Hwi_Object__DESC__C
  00001090    00001090    00000020   00000020    r-- .const:ti_sysbios_gates_GateHwi_Object__DESC__C
  000010b0    000010b0    00000020   00000020    r-- .const:ti_sysbios_gates_GateMutex_Object__DESC__C
  000010d0    000010d0    00000020   00000020    r-- .const:ti_sysbios_hal_Hwi_Object__DESC__C
  000010f0    000010f0    00000020   00000020    r-- .const:ti_sysbios_heaps_HeapMem_Object__DESC__C
  00001110    00001110    00000020   00000020    r-- .const:ti_sysbios_knl_Clock_Object__DESC__C
  00001130    00001130    00000020   00000020    r-- .const:ti_sysbios_knl_Event_Object__DESC__C
  00001150    00001150    00000020   00000020    r-- .const:ti_sysbios_knl_Mailbox_Object__DESC__C
  00001170    00001170    00000020   00000020    r-- .const:ti_sysbios_knl_Queue_Object__DESC__C
  00001190    00001190    00000020   00000020    r-- .const:ti_sysbios_knl_Semaphore_Object__DESC__C
  000011b0    000011b0    00000020   00000020    r-- .const:ti_sysbios_knl_Swi_Object__DESC__C
  000011d0    000011d0    00000020   00000020    r-- .const:ti_sysbios_knl_Task_Object__DESC__C
  000011f0    000011f0    00000008   00000008    r-- .const:ti_sysbios_knl_Idle_funcList__C
  000011f8    000011f8    00000004   00000004    r-- .const:ti_sysbios_family_arm_cc26xx_Timer_startupNeeded__C
  000011fc    000011fc    00000004   00000004    r-- .const:ti_sysbios_family_arm_m3_Hwi_E_alreadyDefined__C
  00001200    00001200    00000004   00000004    r-- .const:ti_sysbios_family_arm_m3_Hwi_E_hwiLimitExceeded__C
  00001204    00001204    00000004   00000004    r-- .const:ti_sysbios_family_arm_m3_Hwi_NUM_INTERRUPTS__C
  00001208    00001208    00000004   00000004    r-- .const:ti_sysbios_family_arm_m3_Hwi_Object__count__C
  0000120c    0000120c    00000004   00000004    r-- .const:ti_sysbios_family_arm_m3_Hwi_Object__table__C
  00001210    00001210    00000004   00000004    r-- .const:ti_sysbios_family_arm_m3_Hwi_ccr__C
  00001214    00001214    00000004   00000004    r-- .const:ti_sysbios_family_arm_m3_Hwi_excHandlerFunc__C
  00001218    00001218    00000004   00000004    r-- .const:ti_sysbios_family_arm_m3_Hwi_nullIsrFunc__C
  0000121c    0000121c    00000004   00000004    r-- .const:ti_sysbios_family_arm_m3_Hwi_numSparseInterrupts__C
  00001220    00001220    00000004   00000004    r-- .const:ti_sysbios_family_arm_m3_Hwi_priGroup__C
  00001224    00001224    00000004   00000004    r-- .const:ti_sysbios_family_arm_m3_TaskSupport_stackAlignment__C
  00001228    00001228    00000004   00000004    r-- .const:ti_sysbios_heaps_HeapMem_E_memory__C
  0000122c    0000122c    00000004   00000004    r-- .const:ti_sysbios_heaps_HeapMem_Module__gateObj__C
  00001230    00001230    00000004   00000004    r-- .const:ti_sysbios_heaps_HeapMem_Object__count__C
  00001234    00001234    00000004   00000004    r-- .const:ti_sysbios_heaps_HeapMem_Object__table__C
  00001238    00001238    00000004   00000004    r-- .const:ti_sysbios_heaps_HeapMem_reqAlign__C
  0000123c    0000123c    00000004   00000004    r-- .const:ti_sysbios_knl_Clock_triggerClock__C
  00001240    00001240    00000004   00000004    r-- .const:ti_sysbios_knl_Mailbox_Object__count__C
  00001244    00001244    00000004   00000004    r-- .const:ti_sysbios_knl_Mailbox_Object__table__C
  00001248    00001248    00000004   00000004    r-- .const:ti_sysbios_knl_Mailbox_maxTypeAlign__C
  0000124c    0000124c    00000004   00000004    r-- .const:ti_sysbios_knl_Queue_Object__count__C
  00001250    00001250    00000004   00000004    r-- .const:ti_sysbios_knl_Queue_Object__table__C
  00001254    00001254    00000004   00000004    r-- .const:ti_sysbios_knl_Semaphore_eventPost__C
  00001258    00001258    00000004   00000004    r-- .const:ti_sysbios_knl_Semaphore_eventSync__C
  0000125c    0000125c    00000004   00000004    r-- .const:ti_sysbios_knl_Swi_Object__count__C
  00001260    00001260    00000004   00000004    r-- .const:ti_sysbios_knl_Swi_Object__table__C
  00001264    00001264    00000004   00000004    r-- .const:ti_sysbios_knl_Swi_numPriorities__C
  00001268    00001268    00000004   00000004    r-- .const:ti_sysbios_knl_Task_Object__count__C
  0000126c    0000126c    00000004   00000004    r-- .const:ti_sysbios_knl_Task_Object__table__C
  00001270    00001270    00000004   00000004    r-- .const:ti_sysbios_knl_Task_allBlockedFunc__C
  00001274    00001274    00000004   00000004    r-- .const:ti_sysbios_knl_Task_defaultStackHeap__C
  00001278    00001278    00000004   00000004    r-- .const:ti_sysbios_knl_Task_defaultStackSize__C
  0000127c    0000127c    00000004   00000004    r-- .const:ti_sysbios_knl_Task_numConstructedTasks__C
  00001280    00001280    00000002   00000002    r-- .const:ti_sysbios_family_arm_cc26xx_Timer_Module__id__C
  00001282    00001282    00000002   00000002    r-- .const:ti_sysbios_family_arm_cc26xx_TimestampProvider_useClockTimer__C
  00001284    00001284    00000002   00000002    r-- .const:ti_sysbios_family_arm_m3_Hwi_Module__id__C
  00001286    00001286    00000002   00000002    r-- .const:ti_sysbios_gates_GateHwi_Module__id__C
  00001288    00001288    00000002   00000002    r-- .const:ti_sysbios_gates_GateMutex_Module__id__C
  0000128a    0000128a    00000002   00000002    r-- .const:ti_sysbios_heaps_HeapMem_Module__id__C
  0000128c    0000128c    00000002   00000002    r-- .const:ti_sysbios_knl_Task_initStackFlag__C
  0000128e    0000128e    00000001   00000001    r-- .const:ti_sysbios_knl_Clock_tickMode__C
  00001290    00001290    00000008   00000008    r-- .const:xdc_runtime_Startup_firstFxns__C
  00001298    00001298    00000008   00000008    r-- .const:xdc_runtime_Startup_lastFxns__C
  000012a0    000012a0    00000004   00000004    r-- .const:xdc_runtime_Assert_E_assertFailed__C
  000012a4    000012a4    00000004   00000004    r-- .const:xdc_runtime_Error_E_memory__C
  000012a8    000012a8    00000004   00000004    r-- .const:xdc_runtime_Error_policyFxn__C
  000012ac    000012ac    00000004   00000004    r-- .const:xdc_runtime_Error_raiseHook__C
  000012b0    000012b0    00000004   00000004    r-- .const:xdc_runtime_IGateProvider_Interface__BASE__C
  000012b4    000012b4    00000004   00000004    r-- .const:xdc_runtime_IHeap_Interface__BASE__C
  000012b8    000012b8    00000004   00000004    r-- .const:xdc_runtime_IModule_Interface__BASE__C
  000012bc    000012bc    00000004   00000004    r-- .const:xdc_runtime_Memory_defaultHeapInstance__C
  000012c0    000012c0    00000004   00000004    r-- .const:xdc_runtime_Startup_execImpl__C
  000012c4    000012c4    00000004   00000004    r-- .const:xdc_runtime_Startup_maxPasses__C
  000012c8    000012c8    00000004   00000004    r-- .const:xdc_runtime_Startup_sfxnRts__C
  000012cc    000012cc    00000004   00000004    r-- .const:xdc_runtime_Startup_sfxnTab__C
  000012d0    000012d0    00000004   00000004    r-- .const:xdc_runtime_Startup_startModsFxn__C
  000012d4    000012d4    00000004   00000004    r-- .const:xdc_runtime_SysCallback_abortFxn__C
  000012d8    000012d8    00000004   00000004    r-- .const:xdc_runtime_SysCallback_exitFxn__C
  000012dc    000012dc    00000004   00000004    r-- .const:xdc_runtime_System_abortFxn__C
  000012e0    000012e0    00000004   00000004    r-- .const:xdc_runtime_System_exitFxn__C
  000012e4    000012e4    00000004   00000004    r-- .const:xdc_runtime_System_maxAtexitHandlers__C
  000012e8    000012e8    00000004   00000004    r-- .const:xdc_runtime_Text_charTab__C
  000012ec    000012ec    00000004   00000004    r-- .const:xdc_runtime_Text_nameEmpty__C
  000012f0    000012f0    00000004   00000004    r-- .const:xdc_runtime_Text_nameStatic__C
  000012f4    000012f4    00000004   00000004    r-- .const:xdc_runtime_Text_nameUnknown__C
  000012f8    000012f8    00000002   00000002    r-- .const:xdc_runtime_Error_maxDepth__C
  000012fa    000012fa    00000002   00000002    r-- .const:xdc_runtime_Memory_Module__id__C
  000012fc    000012fc    00000002   00000002    r-- .const:xdc_runtime_Text_charCnt__C
  000012fe    000012fe    00000002   00000002    r-- .const:xdc_runtime_Text_isLoaded__C
  00001300    00001300    00000001   00000001    r-- .const:xdc_runtime_Error_policy__C
  00001304    00001304    00000004   00000004    r-- .const:ti_sysbios_rom_ROM_ti_sysbios_family_arm_cc26xx_Timer_getCount64__E
  00001308    00001308    00000004   00000004    r-- .const:ti_sysbios_rom_ROM_ti_sysbios_family_arm_cc26xx_Timer_getCurrentTick__E
  0000130c    0000130c    00000004   00000004    r-- .const:ti_sysbios_rom_ROM_ti_sysbios_family_arm_cc26xx_Timer_getMaxTicks__E
  00001310    00001310    00000004   00000004    r-- .const:ti_sysbios_rom_ROM_ti_sysbios_family_arm_cc26xx_Timer_initDevice__I
  00001314    00001314    00000004   00000004    r-- .const:ti_sysbios_rom_ROM_ti_sysbios_family_arm_cc26xx_Timer_setNextTick__E
  00001318    00001318    00000004   00000004    r-- .const:ti_sysbios_rom_ROM_ti_sysbios_family_arm_cc26xx_Timer_setThreshold__I
  0000131c    0000131c    00000004   00000004    r-- .const:ti_sysbios_rom_ROM_ti_sysbios_family_arm_cc26xx_Timer_start__E
  00001320    00001320    00000004   00000004    r-- .const:ti_sysbios_rom_ROM_ti_sysbios_family_arm_cc26xx_TimestampProvider_get32__E
  00001324    00001324    00000004   00000004    r-- .const:ti_sysbios_rom_ROM_xdc_runtime_Startup_getState__I
  00001328    00001328    00000004   00000004    r-- .const:ti_sysbios_rom_ROM_xdc_runtime_System_SupportProxy_abort__E
  0000132c    0000132c    00000004   00000004    r-- .const:ti_sysbios_rom_ROM_xdc_runtime_System_SupportProxy_exit__E
  00001330    00001330    0001a9b0   0001a9b0    r-x .text.2
  0001bce0    0001bce0    000010a6   000010a6    r-- .const
  0001cd88    0001cd88    000000a0   000000a0    r-- .rodata
0001d000    0001d000    00001e1c   00001e1c    r--
  0001d000    0001d000    00001000   00001000    r-- .TI.bound:NV_FLASH
  0001e000    0001e000    00000e1c   00000e1c    r-- .cinit
0001ffa8    0001ffa8    00000058   00000058    r--
  0001ffa8    0001ffa8    00000058   00000058    r-- .ccfg
20000100    20000100    00003b6b   00000000    rw-
  20000100    20000100    00000044   00000000    rw- .data:ti_sysbios_knl_Task_Module__state__V
  20000144    20000144    00000034   00000000    rw- .data:ti_sysbios_family_arm_m3_Hwi_Module__state__V
  20000178    20000178    0000002c   00000000    rw- .data:ti_sysbios_knl_Clock_Module__state__V
  200001a4    200001a4    00000024   00000000    rw- .data:ti_sysbios_BIOS_Module__state__V
  200001c8    200001c8    0000001c   00000000    rw- .data:ti_sysbios_knl_Swi_Module__state__V
  200001e4    200001e4    00000008   00000000    rw- .data:ti_sysbios_family_arm_cc26xx_Timer_Module__state__V
  200001ec    200001ec    00000004   00000000    rw- .data:ti_sysbios_family_arm_cc26xx_TimestampProvider_Module__state__V
  200001f0    200001f0    00000008   00000000    rw- .data:xdc_runtime_Startup_Module__state__V
  200001f8    200001f8    00000008   00000000    rw- .data:xdc_runtime_System_Module__state__V
  20000200    20000200    00000004   00000000    rw- .data:xdc_runtime_Memory_Module__state__V
  20000204    20000204    00000002   00000000    rw- .data:xdc_runtime_Error_Module__state__V
  20000208    20000208    00000ccb   00000000    rw- .data
  20000ed8    20000ed8    00002d93   00000000    rw- .bss
20004000    20004000    00000400   00000000    rw-
  20004000    20004000    00000400   00000000    rw- .stack


SECTION ALLOCATION MAP

 output                                  attributes/
section   page    origin      length       input sections
--------  ----  ----------  ----------   ----------------
.const:ti_sysbios_heaps_HeapMem_Module__FXNS__C 
*          0    00001000    00000028     
                  00001000    00000028     app_ble_pem3.oem3 (.const:ti_sysbios_heaps_HeapMem_Module__FXNS__C)

.const:ti_sysbios_gates_GateHwi_Module__FXNS__C 
*          0    00001028    00000024     
                  00001028    00000024     app_ble_pem3.oem3 (.const:ti_sysbios_gates_GateHwi_Module__FXNS__C)

.const:ti_sysbios_gates_GateMutex_Module__FXNS__C 
*          0    0000104c    00000024     
                  0000104c    00000024     app_ble_pem3.oem3 (.const:ti_sysbios_gates_GateMutex_Module__FXNS__C)

.const:ti_sysbios_family_arm_m3_Hwi_Object__DESC__C 
*          0    00001070    00000020     
                  00001070    00000020     app_ble_pem3.oem3 (.const:ti_sysbios_family_arm_m3_Hwi_Object__DESC__C)

.const:ti_sysbios_gates_GateHwi_Object__DESC__C 
*          0    00001090    00000020     
                  00001090    00000020     app_ble_pem3.oem3 (.const:ti_sysbios_gates_GateHwi_Object__DESC__C)

.const:ti_sysbios_gates_GateMutex_Object__DESC__C 
*          0    000010b0    00000020     
                  000010b0    00000020     app_ble_pem3.oem3 (.const:ti_sysbios_gates_GateMutex_Object__DESC__C)

.const:ti_sysbios_hal_Hwi_Object__DESC__C 
*          0    000010d0    00000020     
                  000010d0    00000020     app_ble_pem3.oem3 (.const:ti_sysbios_hal_Hwi_Object__DESC__C)

.const:ti_sysbios_heaps_HeapMem_Object__DESC__C 
*          0    000010f0    00000020     
                  000010f0    00000020     app_ble_pem3.oem3 (.const:ti_sysbios_heaps_HeapMem_Object__DESC__C)

.const:ti_sysbios_knl_Clock_Object__DESC__C 
*          0    00001110    00000020     
                  00001110    00000020     app_ble_pem3.oem3 (.const:ti_sysbios_knl_Clock_Object__DESC__C)

.const:ti_sysbios_knl_Event_Object__DESC__C 
*          0    00001130    00000020     
                  00001130    00000020     app_ble_pem3.oem3 (.const:ti_sysbios_knl_Event_Object__DESC__C)

.const:ti_sysbios_knl_Mailbox_Object__DESC__C 
*          0    00001150    00000020     
                  00001150    00000020     app_ble_pem3.oem3 (.const:ti_sysbios_knl_Mailbox_Object__DESC__C)

.const:ti_sysbios_knl_Queue_Object__DESC__C 
*          0    00001170    00000020     
                  00001170    00000020     app_ble_pem3.oem3 (.const:ti_sysbios_knl_Queue_Object__DESC__C)

.const:ti_sysbios_knl_Semaphore_Object__DESC__C 
*          0    00001190    00000020     
                  00001190    00000020     app_ble_pem3.oem3 (.const:ti_sysbios_knl_Semaphore_Object__DESC__C)

.const:ti_sysbios_knl_Swi_Object__DESC__C 
*          0    000011b0    00000020     
                  000011b0    00000020     app_ble_pem3.oem3 (.const:ti_sysbios_knl_Swi_Object__DESC__C)

.const:ti_sysbios_knl_Task_Object__DESC__C 
*          0    000011d0    00000020     
                  000011d0    00000020     app_ble_pem3.oem3 (.const:ti_sysbios_knl_Task_Object__DESC__C)

.const:ti_sysbios_knl_Idle_funcList__C 
*          0    000011f0    00000008     
                  000011f0    00000008     app_ble_pem3.oem3 (.const:ti_sysbios_knl_Idle_funcList__C)

.const:ti_sysbios_family_arm_cc26xx_Timer_startupNeeded__C 
*          0    000011f8    00000004     
                  000011f8    00000004     app_ble_pem3.oem3 (.const:ti_sysbios_family_arm_cc26xx_Timer_startupNeeded__C)

.const:ti_sysbios_family_arm_m3_Hwi_E_alreadyDefined__C 
*          0    000011fc    00000004     
                  000011fc    00000004     app_ble_pem3.oem3 (.const:ti_sysbios_family_arm_m3_Hwi_E_alreadyDefined__C)

.const:ti_sysbios_family_arm_m3_Hwi_E_hwiLimitExceeded__C 
*          0    00001200    00000004     
                  00001200    00000004     app_ble_pem3.oem3 (.const:ti_sysbios_family_arm_m3_Hwi_E_hwiLimitExceeded__C)

.const:ti_sysbios_family_arm_m3_Hwi_NUM_INTERRUPTS__C 
*          0    00001204    00000004     
                  00001204    00000004     app_ble_pem3.oem3 (.const:ti_sysbios_family_arm_m3_Hwi_NUM_INTERRUPTS__C)

.const:ti_sysbios_family_arm_m3_Hwi_Object__count__C 
*          0    00001208    00000004     
                  00001208    00000004     app_ble_pem3.oem3 (.const:ti_sysbios_family_arm_m3_Hwi_Object__count__C)

.const:ti_sysbios_family_arm_m3_Hwi_Object__table__C 
*          0    0000120c    00000004     
                  0000120c    00000004     app_ble_pem3.oem3 (.const:ti_sysbios_family_arm_m3_Hwi_Object__table__C)

.const:ti_sysbios_family_arm_m3_Hwi_ccr__C 
*          0    00001210    00000004     
                  00001210    00000004     app_ble_pem3.oem3 (.const:ti_sysbios_family_arm_m3_Hwi_ccr__C)

.const:ti_sysbios_family_arm_m3_Hwi_excHandlerFunc__C 
*          0    00001214    00000004     
                  00001214    00000004     app_ble_pem3.oem3 (.const:ti_sysbios_family_arm_m3_Hwi_excHandlerFunc__C)

.const:ti_sysbios_family_arm_m3_Hwi_nullIsrFunc__C 
*          0    00001218    00000004     
                  00001218    00000004     app_ble_pem3.oem3 (.const:ti_sysbios_family_arm_m3_Hwi_nullIsrFunc__C)

.const:ti_sysbios_family_arm_m3_Hwi_numSparseInterrupts__C 
*          0    0000121c    00000004     
                  0000121c    00000004     app_ble_pem3.oem3 (.const:ti_sysbios_family_arm_m3_Hwi_numSparseInterrupts__C)

.const:ti_sysbios_family_arm_m3_Hwi_priGroup__C 
*          0    00001220    00000004     
                  00001220    00000004     app_ble_pem3.oem3 (.const:ti_sysbios_family_arm_m3_Hwi_priGroup__C)

.const:ti_sysbios_family_arm_m3_TaskSupport_stackAlignment__C 
*          0    00001224    00000004     
                  00001224    00000004     app_ble_pem3.oem3 (.const:ti_sysbios_family_arm_m3_TaskSupport_stackAlignment__C)

.const:ti_sysbios_heaps_HeapMem_E_memory__C 
*          0    00001228    00000004     
                  00001228    00000004     app_ble_pem3.oem3 (.const:ti_sysbios_heaps_HeapMem_E_memory__C)

.const:ti_sysbios_heaps_HeapMem_Module__gateObj__C 
*          0    0000122c    00000004     
                  0000122c    00000004     app_ble_pem3.oem3 (.const:ti_sysbios_heaps_HeapMem_Module__gateObj__C)

.const:ti_sysbios_heaps_HeapMem_Object__count__C 
*          0    00001230    00000004     
                  00001230    00000004     app_ble_pem3.oem3 (.const:ti_sysbios_heaps_HeapMem_Object__count__C)

.const:ti_sysbios_heaps_HeapMem_Object__table__C 
*          0    00001234    00000004     
                  00001234    00000004     app_ble_pem3.oem3 (.const:ti_sysbios_heaps_HeapMem_Object__table__C)

.const:ti_sysbios_heaps_HeapMem_reqAlign__C 
*          0    00001238    00000004     
                  00001238    00000004     app_ble_pem3.oem3 (.const:ti_sysbios_heaps_HeapMem_reqAlign__C)

.const:ti_sysbios_knl_Clock_triggerClock__C 
*          0    0000123c    00000004     
                  0000123c    00000004     app_ble_pem3.oem3 (.const:ti_sysbios_knl_Clock_triggerClock__C)

.const:ti_sysbios_knl_Mailbox_Object__count__C 
*          0    00001240    00000004     
                  00001240    00000004     app_ble_pem3.oem3 (.const:ti_sysbios_knl_Mailbox_Object__count__C)

.const:ti_sysbios_knl_Mailbox_Object__table__C 
*          0    00001244    00000004     
                  00001244    00000004     app_ble_pem3.oem3 (.const:ti_sysbios_knl_Mailbox_Object__table__C)

.const:ti_sysbios_knl_Mailbox_maxTypeAlign__C 
*          0    00001248    00000004     
                  00001248    00000004     app_ble_pem3.oem3 (.const:ti_sysbios_knl_Mailbox_maxTypeAlign__C)

.const:ti_sysbios_knl_Queue_Object__count__C 
*          0    0000124c    00000004     
                  0000124c    00000004     app_ble_pem3.oem3 (.const:ti_sysbios_knl_Queue_Object__count__C)

.const:ti_sysbios_knl_Queue_Object__table__C 
*          0    00001250    00000004     
                  00001250    00000004     app_ble_pem3.oem3 (.const:ti_sysbios_knl_Queue_Object__table__C)

.const:ti_sysbios_knl_Semaphore_eventPost__C 
*          0    00001254    00000004     
                  00001254    00000004     app_ble_pem3.oem3 (.const:ti_sysbios_knl_Semaphore_eventPost__C)

.const:ti_sysbios_knl_Semaphore_eventSync__C 
*          0    00001258    00000004     
                  00001258    00000004     app_ble_pem3.oem3 (.const:ti_sysbios_knl_Semaphore_eventSync__C)

.const:ti_sysbios_knl_Swi_Object__count__C 
*          0    0000125c    00000004     
                  0000125c    00000004     app_ble_pem3.oem3 (.const:ti_sysbios_knl_Swi_Object__count__C)

.const:ti_sysbios_knl_Swi_Object__table__C 
*          0    00001260    00000004     
                  00001260    00000004     app_ble_pem3.oem3 (.const:ti_sysbios_knl_Swi_Object__table__C)

.const:ti_sysbios_knl_Swi_numPriorities__C 
*          0    00001264    00000004     
                  00001264    00000004     app_ble_pem3.oem3 (.const:ti_sysbios_knl_Swi_numPriorities__C)

.const:ti_sysbios_knl_Task_Object__count__C 
*          0    00001268    00000004     
                  00001268    00000004     app_ble_pem3.oem3 (.const:ti_sysbios_knl_Task_Object__count__C)

.const:ti_sysbios_knl_Task_Object__table__C 
*          0    0000126c    00000004     
                  0000126c    00000004     app_ble_pem3.oem3 (.const:ti_sysbios_knl_Task_Object__table__C)

.const:ti_sysbios_knl_Task_allBlockedFunc__C 
*          0    00001270    00000004     
                  00001270    00000004     app_ble_pem3.oem3 (.const:ti_sysbios_knl_Task_allBlockedFunc__C)

.const:ti_sysbios_knl_Task_defaultStackHeap__C 
*          0    00001274    00000004     
                  00001274    00000004     app_ble_pem3.oem3 (.const:ti_sysbios_knl_Task_defaultStackHeap__C)

.const:ti_sysbios_knl_Task_defaultStackSize__C 
*          0    00001278    00000004     
                  00001278    00000004     app_ble_pem3.oem3 (.const:ti_sysbios_knl_Task_defaultStackSize__C)

.const:ti_sysbios_knl_Task_numConstructedTasks__C 
*          0    0000127c    00000004     
                  0000127c    00000004     app_ble_pem3.oem3 (.const:ti_sysbios_knl_Task_numConstructedTasks__C)

.const:ti_sysbios_family_arm_cc26xx_Timer_Module__id__C 
*          0    00001280    00000002     
                  00001280    00000002     app_ble_pem3.oem3 (.const:ti_sysbios_family_arm_cc26xx_Timer_Module__id__C)

.const:ti_sysbios_family_arm_cc26xx_TimestampProvider_useClockTimer__C 
*          0    00001282    00000002     
                  00001282    00000002     app_ble_pem3.oem3 (.const:ti_sysbios_family_arm_cc26xx_TimestampProvider_useClockTimer__C)

.const:ti_sysbios_family_arm_m3_Hwi_Module__id__C 
*          0    00001284    00000002     
                  00001284    00000002     app_ble_pem3.oem3 (.const:ti_sysbios_family_arm_m3_Hwi_Module__id__C)

.const:ti_sysbios_gates_GateHwi_Module__id__C 
*          0    00001286    00000002     
                  00001286    00000002     app_ble_pem3.oem3 (.const:ti_sysbios_gates_GateHwi_Module__id__C)

.const:ti_sysbios_gates_GateMutex_Module__id__C 
*          0    00001288    00000002     
                  00001288    00000002     app_ble_pem3.oem3 (.const:ti_sysbios_gates_GateMutex_Module__id__C)

.const:ti_sysbios_heaps_HeapMem_Module__id__C 
*          0    0000128a    00000002     
                  0000128a    00000002     app_ble_pem3.oem3 (.const:ti_sysbios_heaps_HeapMem_Module__id__C)

.const:ti_sysbios_knl_Task_initStackFlag__C 
*          0    0000128c    00000002     
                  0000128c    00000002     app_ble_pem3.oem3 (.const:ti_sysbios_knl_Task_initStackFlag__C)

.const:ti_sysbios_knl_Clock_tickMode__C 
*          0    0000128e    00000001     
                  0000128e    00000001     app_ble_pem3.oem3 (.const:ti_sysbios_knl_Clock_tickMode__C)

.const:xdc_runtime_Startup_firstFxns__C 
*          0    00001290    00000008     
                  00001290    00000008     app_ble_pem3.oem3 (.const:xdc_runtime_Startup_firstFxns__C)

.const:xdc_runtime_Startup_lastFxns__C 
*          0    00001298    00000008     
                  00001298    00000008     app_ble_pem3.oem3 (.const:xdc_runtime_Startup_lastFxns__C)

.const:xdc_runtime_Assert_E_assertFailed__C 
*          0    000012a0    00000004     
                  000012a0    00000004     app_ble_pem3.oem3 (.const:xdc_runtime_Assert_E_assertFailed__C)

.const:xdc_runtime_Error_E_memory__C 
*          0    000012a4    00000004     
                  000012a4    00000004     app_ble_pem3.oem3 (.const:xdc_runtime_Error_E_memory__C)

.const:xdc_runtime_Error_policyFxn__C 
*          0    000012a8    00000004     
                  000012a8    00000004     app_ble_pem3.oem3 (.const:xdc_runtime_Error_policyFxn__C)

.const:xdc_runtime_Error_raiseHook__C 
*          0    000012ac    00000004     
                  000012ac    00000004     app_ble_pem3.oem3 (.const:xdc_runtime_Error_raiseHook__C)

.const:xdc_runtime_IGateProvider_Interface__BASE__C 
*          0    000012b0    00000004     
                  000012b0    00000004     app_ble_pem3.oem3 (.const:xdc_runtime_IGateProvider_Interface__BASE__C)

.const:xdc_runtime_IHeap_Interface__BASE__C 
*          0    000012b4    00000004     
                  000012b4    00000004     app_ble_pem3.oem3 (.const:xdc_runtime_IHeap_Interface__BASE__C)

.const:xdc_runtime_IModule_Interface__BASE__C 
*          0    000012b8    00000004     
                  000012b8    00000004     app_ble_pem3.oem3 (.const:xdc_runtime_IModule_Interface__BASE__C)

.const:xdc_runtime_Memory_defaultHeapInstance__C 
*          0    000012bc    00000004     
                  000012bc    00000004     app_ble_pem3.oem3 (.const:xdc_runtime_Memory_defaultHeapInstance__C)

.const:xdc_runtime_Startup_execImpl__C 
*          0    000012c0    00000004     
                  000012c0    00000004     app_ble_pem3.oem3 (.const:xdc_runtime_Startup_execImpl__C)

.const:xdc_runtime_Startup_maxPasses__C 
*          0    000012c4    00000004     
                  000012c4    00000004     app_ble_pem3.oem3 (.const:xdc_runtime_Startup_maxPasses__C)

.const:xdc_runtime_Startup_sfxnRts__C 
*          0    000012c8    00000004     
                  000012c8    00000004     app_ble_pem3.oem3 (.const:xdc_runtime_Startup_sfxnRts__C)

.const:xdc_runtime_Startup_sfxnTab__C 
*          0    000012cc    00000004     
                  000012cc    00000004     app_ble_pem3.oem3 (.const:xdc_runtime_Startup_sfxnTab__C)

.const:xdc_runtime_Startup_startModsFxn__C 
*          0    000012d0    00000004     
                  000012d0    00000004     app_ble_pem3.oem3 (.const:xdc_runtime_Startup_startModsFxn__C)

.const:xdc_runtime_SysCallback_abortFxn__C 
*          0    000012d4    00000004     
                  000012d4    00000004     app_ble_pem3.oem3 (.const:xdc_runtime_SysCallback_abortFxn__C)

.const:xdc_runtime_SysCallback_exitFxn__C 
*          0    000012d8    00000004     
                  000012d8    00000004     app_ble_pem3.oem3 (.const:xdc_runtime_SysCallback_exitFxn__C)

.const:xdc_runtime_System_abortFxn__C 
*          0    000012dc    00000004     
                  000012dc    00000004     app_ble_pem3.oem3 (.const:xdc_runtime_System_abortFxn__C)

.const:xdc_runtime_System_exitFxn__C 
*          0    000012e0    00000004     
                  000012e0    00000004     app_ble_pem3.oem3 (.const:xdc_runtime_System_exitFxn__C)

.const:xdc_runtime_System_maxAtexitHandlers__C 
*          0    000012e4    00000004     
                  000012e4    00000004     app_ble_pem3.oem3 (.const:xdc_runtime_System_maxAtexitHandlers__C)

.const:xdc_runtime_Text_charTab__C 
*          0    000012e8    00000004     
                  000012e8    00000004     app_ble_pem3.oem3 (.const:xdc_runtime_Text_charTab__C)

.const:xdc_runtime_Text_nameEmpty__C 
*          0    000012ec    00000004     
                  000012ec    00000004     app_ble_pem3.oem3 (.const:xdc_runtime_Text_nameEmpty__C)

.const:xdc_runtime_Text_nameStatic__C 
*          0    000012f0    00000004     
                  000012f0    00000004     app_ble_pem3.oem3 (.const:xdc_runtime_Text_nameStatic__C)

.const:xdc_runtime_Text_nameUnknown__C 
*          0    000012f4    00000004     
                  000012f4    00000004     app_ble_pem3.oem3 (.const:xdc_runtime_Text_nameUnknown__C)

.const:xdc_runtime_Error_maxDepth__C 
*          0    000012f8    00000002     
                  000012f8    00000002     app_ble_pem3.oem3 (.const:xdc_runtime_Error_maxDepth__C)

.const:xdc_runtime_Memory_Module__id__C 
*          0    000012fa    00000002     
                  000012fa    00000002     app_ble_pem3.oem3 (.const:xdc_runtime_Memory_Module__id__C)

.const:xdc_runtime_Text_charCnt__C 
*          0    000012fc    00000002     
                  000012fc    00000002     app_ble_pem3.oem3 (.const:xdc_runtime_Text_charCnt__C)

.const:xdc_runtime_Text_isLoaded__C 
*          0    000012fe    00000002     
                  000012fe    00000002     app_ble_pem3.oem3 (.const:xdc_runtime_Text_isLoaded__C)

.const:xdc_runtime_Error_policy__C 
*          0    00001300    00000001     
                  00001300    00000001     app_ble_pem3.oem3 (.const:xdc_runtime_Error_policy__C)

.const:ti_sysbios_rom_ROM_ti_sysbios_family_arm_cc26xx_Timer_getCount64__E 
*          0    00001304    00000004     
                  00001304    00000004     app_ble_pem3.oem3 (.const:ti_sysbios_rom_ROM_ti_sysbios_family_arm_cc26xx_Timer_getCount64__E)

.const:ti_sysbios_rom_ROM_ti_sysbios_family_arm_cc26xx_Timer_getCurrentTick__E 
*          0    00001308    00000004     
                  00001308    00000004     app_ble_pem3.oem3 (.const:ti_sysbios_rom_ROM_ti_sysbios_family_arm_cc26xx_Timer_getCurrentTick__E)

.const:ti_sysbios_rom_ROM_ti_sysbios_family_arm_cc26xx_Timer_getMaxTicks__E 
*          0    0000130c    00000004     
                  0000130c    00000004     app_ble_pem3.oem3 (.const:ti_sysbios_rom_ROM_ti_sysbios_family_arm_cc26xx_Timer_getMaxTicks__E)

.const:ti_sysbios_rom_ROM_ti_sysbios_family_arm_cc26xx_Timer_initDevice__I 
*          0    00001310    00000004     
                  00001310    00000004     app_ble_pem3.oem3 (.const:ti_sysbios_rom_ROM_ti_sysbios_family_arm_cc26xx_Timer_initDevice__I)

.const:ti_sysbios_rom_ROM_ti_sysbios_family_arm_cc26xx_Timer_setNextTick__E 
*          0    00001314    00000004     
                  00001314    00000004     app_ble_pem3.oem3 (.const:ti_sysbios_rom_ROM_ti_sysbios_family_arm_cc26xx_Timer_setNextTick__E)

.const:ti_sysbios_rom_ROM_ti_sysbios_family_arm_cc26xx_Timer_setThreshold__I 
*          0    00001318    00000004     
                  00001318    00000004     app_ble_pem3.oem3 (.const:ti_sysbios_rom_ROM_ti_sysbios_family_arm_cc26xx_Timer_setThreshold__I)

.const:ti_sysbios_rom_ROM_ti_sysbios_family_arm_cc26xx_Timer_start__E 
*          0    0000131c    00000004     
                  0000131c    00000004     app_ble_pem3.oem3 (.const:ti_sysbios_rom_ROM_ti_sysbios_family_arm_cc26xx_Timer_start__E)

.const:ti_sysbios_rom_ROM_ti_sysbios_family_arm_cc26xx_TimestampProvider_get32__E 
*          0    00001320    00000004     
                  00001320    00000004     app_ble_pem3.oem3 (.const:ti_sysbios_rom_ROM_ti_sysbios_family_arm_cc26xx_TimestampProvider_get32__E)

.const:ti_sysbios_rom_ROM_xdc_runtime_Startup_getState__I 
*          0    00001324    00000004     
                  00001324    00000004     app_ble_pem3.oem3 (.const:ti_sysbios_rom_ROM_xdc_runtime_Startup_getState__I)

.const:ti_sysbios_rom_ROM_xdc_runtime_System_SupportProxy_abort__E 
*          0    00001328    00000004     
                  00001328    00000004     app_ble_pem3.oem3 (.const:ti_sysbios_rom_ROM_xdc_runtime_System_SupportProxy_abort__E)

.const:ti_sysbios_rom_ROM_xdc_runtime_System_SupportProxy_exit__E 
*          0    0000132c    00000004     
                  0000132c    00000004     app_ble_pem3.oem3 (.const:ti_sysbios_rom_ROM_xdc_runtime_System_SupportProxy_exit__E)

.TI.bound:NV_FLASH 
*          0    0001d000    00001000     
                  0001d000    00001000     ble5_project_zero_cc2640r2lp_stack_library.lib : osal_snv_wrapper.obj (.TI.bound:NV_FLASH)

.data:ti_sysbios_knl_Task_Module__state__V 
*          0    20000100    00000044     UNINITIALIZED
                  20000100    00000044     app_ble_pem3.oem3 (.data:ti_sysbios_knl_Task_Module__state__V)

.data:ti_sysbios_family_arm_m3_Hwi_Module__state__V 
*          0    20000144    00000034     UNINITIALIZED
                  20000144    00000034     app_ble_pem3.oem3 (.data:ti_sysbios_family_arm_m3_Hwi_Module__state__V)

.data:ti_sysbios_knl_Clock_Module__state__V 
*          0    20000178    0000002c     UNINITIALIZED
                  20000178    0000002c     app_ble_pem3.oem3 (.data:ti_sysbios_knl_Clock_Module__state__V)

.data:ti_sysbios_BIOS_Module__state__V 
*          0    200001a4    00000024     UNINITIALIZED
                  200001a4    00000024     app_ble_pem3.oem3 (.data:ti_sysbios_BIOS_Module__state__V)

.data:ti_sysbios_knl_Swi_Module__state__V 
*          0    200001c8    0000001c     UNINITIALIZED
                  200001c8    0000001c     app_ble_pem3.oem3 (.data:ti_sysbios_knl_Swi_Module__state__V)

.data:ti_sysbios_family_arm_cc26xx_Timer_Module__state__V 
*          0    200001e4    00000008     UNINITIALIZED
                  200001e4    00000008     app_ble_pem3.oem3 (.data:ti_sysbios_family_arm_cc26xx_Timer_Module__state__V)

.data:ti_sysbios_family_arm_cc26xx_TimestampProvider_Module__state__V 
*          0    200001ec    00000004     UNINITIALIZED
                  200001ec    00000004     app_ble_pem3.oem3 (.data:ti_sysbios_family_arm_cc26xx_TimestampProvider_Module__state__V)

.data:xdc_runtime_Startup_Module__state__V 
*          0    200001f0    00000008     UNINITIALIZED
                  200001f0    00000008     app_ble_pem3.oem3 (.data:xdc_runtime_Startup_Module__state__V)

.data:xdc_runtime_System_Module__state__V 
*          0    200001f8    00000008     UNINITIALIZED
                  200001f8    00000008     app_ble_pem3.oem3 (.data:xdc_runtime_System_Module__state__V)

.data:xdc_runtime_Memory_Module__state__V 
*          0    20000200    00000004     UNINITIALIZED
                  20000200    00000004     app_ble_pem3.oem3 (.data:xdc_runtime_Memory_Module__state__V)

.data:xdc_runtime_Error_Module__state__V 
*          0    20000204    00000002     UNINITIALIZED
                  20000204    00000002     app_ble_pem3.oem3 (.data:xdc_runtime_Error_Module__state__V)

.bootVecs 
*          0    00000000    00000008     DSECT
                  00000000    00000008     boot.aem3 : boot.oem3 (.bootVecs)

.resetVecs 
*          0    00000000    0000003c     
                  00000000    0000003c     app_ble_pem3.oem3 (.resetVecs)

.vecs      0    20000000    000000c8     NOLOAD SECTION
                  20000000    000000c8     app_ble_pem3.oem3 (.vecs)

xdc.meta   0    00000000    0000011a     COPY SECTION
                  00000000    0000011a     app_ble_pem3.oem3 (xdc.meta)

xdc.noload 
*          0    00000000    00000000     COPY SECTION

.cinit     0    0001e000    00000e1c     
                  0001e000    00000cd3     (.cinit..data.load) [load image]
                  0001ecd3    00000029     (.cinit..data:ti_sysbios_family_arm_m3_Hwi_Module__state__V.load) [load image, compression = lzss]
                  0001ecfc    00000021     (.cinit..data:ti_sysbios_knl_Task_Module__state__V.load) [load image, compression = lzss]
                  0001ed1d    0000001f     (.cinit..data:ti_sysbios_BIOS_Module__state__V.load) [load image, compression = lzss]
                  0001ed3c    0000001d     (.cinit..data:ti_sysbios_knl_Clock_Module__state__V.load) [load image, compression = lzss]
                  0001ed59    00000010     (.cinit..data:ti_sysbios_knl_Swi_Module__state__V.load) [load image, compression = lzss]
                  0001ed69    00000003     --HOLE-- [fill = 0]
                  0001ed6c    0000000c     (__TI_handler_table)
                  0001ed78    0000000b     (.cinit..data:ti_sysbios_family_arm_cc26xx_Timer_Module__state__V.load) [load image, compression = lzss]
                  0001ed83    00000005     --HOLE-- [fill = 0]
                  0001ed88    00000008     (.cinit..bss.load) [load image, compression = zero_init]
                  0001ed90    00000008     (.cinit..data:xdc_runtime_Memory_Module__state__V.load) [load image, compression = lzss]
                  0001ed98    00000007     (.cinit..data:ti_sysbios_family_arm_cc26xx_TimestampProvider_Module__state__V.load) [load image, compression = lzss]
                  0001ed9f    00000007     (.cinit..data:xdc_runtime_Startup_Module__state__V.load) [load image, compression = lzss]
                  0001eda6    00000007     (.cinit..data:xdc_runtime_System_Module__state__V.load) [load image, compression = lzss]
                  0001edad    00000006     (.cinit..data:xdc_runtime_Error_Module__state__V.load) [load image, compression = lzss]
                  0001edb3    00000001     --HOLE-- [fill = 0]
                  0001edb4    00000068     (__TI_cinit_table)

.init_array 
*          0    00000000    00000000     UNINITIALIZED

.ccfg      0    0001ffa8    00000058     
                  0001ffa8    00000058     ccfg_app_ble.obj (.ccfg:retain)

.data      0    20000208    00000ccb     UNINITIALIZED
                  20000208    00000130     devinfoservice.obj (.data:devInfoAttrTbl)
                  20000338    00000114     drivers_cc26x0r2.aem3 : PINCC26XX.oem3 (.data:$O1$$)
                  2000044c    00000114                           : PowerCC26XX.oem3 (.data:PowerCC26XX_module)
                  20000560    000000d8     ble5_project_zero_cc2640r2lp_stack_library.lib : gapbondmgr.obj (.data:$O1$$)
                  20000638    00000090     profiles_pxxx.a : gapgattserver.o (.data)
                  200006c8    0000007c     ble5_project_zero_cc2640r2lp_stack_library.lib : osal_cbtimer.obj (.data:$O1$$)
                  20000744    00000070     button_service.obj (.data:Button_ServiceAttrTbl)
                  200007b4    00000060     data_service.obj (.data:Data_ServiceAttrTbl)
                  20000814    00000054     ble_user_config.obj (.data:rfRegTbl)
                  20000868    00000050     led_service.obj (.data:LED_ServiceAttrTbl)
                  200008b8    0000004c     app_ble_pem3.oem3 (.data:ti_sysbios_knl_Task_Object__table__V)
                  20000904    00000004     ble5_project_zero_cc2640r2lp_stack_library.lib : osal_pwrmgr.obj (.data:$O1$$)
                  20000908    00000048     app_ble_pem3.oem3 (.data:ti_sysbios_family_arm_cc26xx_Timer_Object__table__V)
                  20000950    0000003c     ll_pxxx.a : ll_config.o (.data)
                  2000098c    00000038     app_ble_pem3.oem3 (.data:ti_sysbios_gates_GateMutex_Object__table__V)
                  200009c4    00000030     app_ble_pem3.oem3 (.data:ti_sysbios_knl_Swi_Module_State_0_readyQ__A)
                  200009f4    00000030     app_ble_pem3.oem3 (.data:ti_sysbios_knl_Swi_Object__table__V)
                  20000a24    00000030     app_ble_pem3.oem3 (.data:ti_sysbios_knl_Task_Module_State_0_readyQ__A)
                  20000a54    00000028     ble5_project_zero_cc2640r2lp_stack_library.lib : osal.obj (.data:$O1$$)
                  20000a7c    00000028     data_service.obj (.data:ds_StringVal)
                  20000aa4    00000028     project_zero.obj (.data:received_string$7)
                  20000acc    00000024     profiles_pxxx.a : gapgattserver.o (.data)
                  20000af0    00000020     drivers_cc26x0r2.aem3 : ADCCC26XX.oem3 (.data:$O1$$)
                  20000b10    00000020                           : CryptoCC26XX.oem3 (.data:$O1$$)
                  20000b30    00000020     ECCROMCC26XX.obj (.data:K2_mont)
                  20000b50    00000020     project_zero.obj (.data:localNameStr$10)
                  20000b70    00000020     app_ble_pem3.oem3 (.data:ti_sysbios_knl_Clock_Object__table__V)
                  20000b90    00000020     app_ble_pem3.oem3 (.data:xdc_runtime_Error_IgnoreBlock)
                  20000bb0    00000018     sm_pxxx.a : sm_rsppairing.o (.data)
                  20000bc8    00000018     app_ble_pem3.oem3 (.data:ti_sysbios_family_arm_m3_Hwi_Object__table__V)
                  20000be0    00000015     project_zero.obj (.data:attDeviceName)
                  20000bf5    00000015     devinfoservice.obj (.data:devInfoFirmwareRev)
                  20000c0a    00000015     devinfoservice.obj (.data:devInfoHardwareRev)
                  20000c1f    00000015     devinfoservice.obj (.data:devInfoMfrName)
                  20000c34    00000015     devinfoservice.obj (.data:devInfoModelNumber)
                  20000c49    00000015     devinfoservice.obj (.data:devInfoSerialNumber)
                  20000c5e    00000015     devinfoservice.obj (.data:devInfoSoftwareRev)
                  20000c73    00000014     data_service.obj (.data:ds_StreamVal)
                  20000c87    00000001     ECCROMCC26XX.obj (.data)
                  20000c88    00000014     gap_pxxx.a : gap_configmgr.o (.data)
                  20000c9c    00000014     icall.obj (.data)
                  20000cb0    00000012     project_zero.obj (.data:scanRspData)
                  20000cc2    00000010     project_zero.obj (.data:advertData)
                  20000cd2    00000002     sm_pxxx.a : sm_mgr.o (.data)
                  20000cd4    00000010     icall_user_config.obj (.data:bleAppServiceInfoTable)
                  20000ce4    00000010     gap_pxxx.a : gap_configmgr.o (.data)
                  20000cf4    00000010     icall_api_lite.obj (.data)
                  20000d04    00000010     ll_pxxx.a : ll.o (.data)
                  20000d14    00000010     profiles_pxxx.a : gattservapp.o (.data)
                  20000d24    00000010     main.obj (.data:user0Cfg)
                  20000d34    0000000e     devinfoservice.obj (.data:defaultDevInfo11073Cert)
                  20000d42    00000002     app_ble_pem3.oem3 (.data:ti_sysbios_family_arm_m3_Hwi_Module_State_0_excActive__A)
                  20000d44    0000000e     devinfoservice.obj (.data)
                  20000d52    00000001     TRNGCC26XX.obj (.data)
                  20000d53    00000001     ble5_project_zero_cc2640r2lp_stack_library.lib : gap.obj (.data)
                  20000d54    0000000c     button_service.obj (.data)
                  20000d60    0000000c     data_service.obj (.data)
                  20000d6c    0000000c     project_zero.obj (.data:ledPinTable)
                  20000d78    0000000c     led_service.obj (.data)
                  20000d84    0000000c     ll_pxxx.a : ll_common.o (.data)
                  20000d90    0000000c               : ll_data.o (.data)
                  20000d9c    0000000c     ble_user_config.obj (.data:rfRegTbl1M)
                  20000da8    0000000c     ble_user_config.obj (.data:rfRegTblCoded)
                  20000db4    0000000c     app_ble_pem3.oem3 (.data:ti_sysbios_heaps_HeapCallback_Object__table__V)
                  20000dc0    0000000a     UartLog.obj (.data)
                  20000dca    00000001     button_service.obj (.data:bs_BUTTON0Val)
                  20000dcb    00000001     button_service.obj (.data:bs_BUTTON1Val)
                  20000dcc    00000008     ble5_project_zero_cc2640r2lp_stack_library.lib : hal_assert.obj (.data:$O1$$)
                  20000dd4    00000008                                                    : osal_clock.obj (.data:$O1$$)
                  20000ddc    00000008     rtsv7M4_T_le_eabi.lib : _lock.c.obj (.data:$O1$$)
                  20000de4    00000008     project_zero.obj (.data:ProjectZero_BondMgrCBs)
                  20000dec    00000008     project_zero.obj (.data:ProjectZero_Button_ServiceCBs)
                  20000df4    00000008     project_zero.obj (.data:ProjectZero_Data_ServiceCBs)
                  20000dfc    00000008     project_zero.obj (.data:ProjectZero_LED_ServiceCBs)
                  20000e04    00000008     project_zero.obj (.data:buttonPinTable)
                  20000e0c    00000008     devinfoservice.obj (.data:devInfoSystemId)
                  20000e14    00000008     gap_pxxx.a : gap_advertiser.o (.data)
                  20000e1c    00000008     icall_cc2650.obj (.data)
                  20000e24    00000008     ble_user_config.obj (.data:rfRegTbl2M)
                  20000e2c    00000008     app_ble_pem3.oem3 (.data:ti_sysbios_family_arm_m3_Hwi_Module__root__V)
                  20000e34    00000008     app_ble_pem3.oem3 (.data:ti_sysbios_gates_GateHwi_Module__root__V)
                  20000e3c    00000008     app_ble_pem3.oem3 (.data:ti_sysbios_gates_GateMutex_Module__root__V)
                  20000e44    00000008     app_ble_pem3.oem3 (.data:ti_sysbios_hal_Hwi_Module__root__V)
                  20000e4c    00000008     app_ble_pem3.oem3 (.data:ti_sysbios_heaps_HeapCallback_Module__root__V)
                  20000e54    00000008     app_ble_pem3.oem3 (.data:ti_sysbios_heaps_HeapMem_Module__root__V)
                  20000e5c    00000008     app_ble_pem3.oem3 (.data:ti_sysbios_knl_Clock_Module__root__V)
                  20000e64    00000008     app_ble_pem3.oem3 (.data:ti_sysbios_knl_Event_Module__root__V)
                  20000e6c    00000008     app_ble_pem3.oem3 (.data:ti_sysbios_knl_Mailbox_Module__root__V)
                  20000e74    00000008     app_ble_pem3.oem3 (.data:ti_sysbios_knl_Queue_Module__root__V)
                  20000e7c    00000008     app_ble_pem3.oem3 (.data:ti_sysbios_knl_Semaphore_Module__root__V)
                  20000e84    00000008     app_ble_pem3.oem3 (.data:ti_sysbios_knl_Swi_Module__root__V)
                  20000e8c    00000008     app_ble_pem3.oem3 (.data:ti_sysbios_knl_Task_Module__root__V)
                  20000e94    00000008     app_ble_pem3.oem3 (.data:xdc_runtime_Registry_Module__state__V)
                  20000e9c    00000007     devinfoservice.obj (.data:devInfoPnpId)
                  20000ea3    00000001     drivers_cc26x0r2.aem3 : ADC.oem3 (.data)
                  20000ea4    00000004     ble5_project_zero_cc2640r2lp_stack_library.lib : osal_snv_wrapper.obj (.data:$O1$$)
                  20000ea8    00000004     icall.obj (.data:ICall_initParams)
                  20000eac    00000004     ble5_project_zero_cc2640r2lp_stack_library.lib : ble_user_config.obj (.data)
                  20000eb0    00000004                                                    : osal_bufmgr.obj (.data)
                  20000eb4    00000004     ble_user_config.obj (.data)
                  20000eb8    00000004     rtsv7M4_T_le_eabi.lib : stkdepth_vars.c.obj (.data)
                  20000ebc    00000004     app_ble_pem3.oem3 (.data:ti_sysbios_family_arm_m3_Hwi_Module_State_0_excContext__A)
                  20000ec0    00000004     app_ble_pem3.oem3 (.data:ti_sysbios_family_arm_m3_Hwi_Module_State_0_excStack__A)
                  20000ec4    00000004     app_ble_pem3.oem3 (.data:ti_sysbios_knl_Task_Module_State_0_idleTask__A)
                  20000ec8    00000001     drivers_cc26x0r2.aem3 : UART.oem3 (.data)
                  20000ec9    00000001     gatt_pxxx.a : gatt_client.o (.data)
                  20000eca    00000001     l2cap_pxxx.a : l2cap_task.o (.data)
                  20000ecb    00000001     ll_pxxx.a : ll_ae.o (.data)
                  20000ecc    00000001     led_service.obj (.data:ls_LED0Val)
                  20000ecd    00000001     led_service.obj (.data:ls_LED1Val)
                  20000ece    00000001     profiles_pxxx.a : gapgattserver.o (.data)
                  20000ecf    00000001                     : gapgattserver.o (.data)
                  20000ed0    00000001                     : gapgattserver.o (.data)
                  20000ed1    00000001                     : gapgattserver.o (.data)
                  20000ed2    00000001     project_zero.obj (.data)

.bss       0    20000ed8    00002d93     UNINITIALIZED
                  20000ed8    00001388     icall.obj (.bss:heapmgrHeapStore)
                  20002260    00000800     (.common:appTaskStack)
                  20002a60    00000500     (.common:uartLog_evBuf)
                  20002f60    000003a0     rf_singleMode_cc26x0r2.aem3 : RFCC26XX_singleMode.oem3 (.bss:$O1$$)
                  20003300    00000200     app_ble_pem3.oem3 (.bss:taskStackSection)
                  20003500    00000128     (.common:uartCC26XXObjects)
                  20003628    000000d4     ll_pxxx.a : ll_privacy.o (.bss)
                  200036fc    000000c8     (.common:ti_sysbios_family_arm_m3_Hwi_dispatchTable)
                  200037c4    000000ac     (.common:uartLog_outBuf)
                  20003870    00000080     (.common:cryptoCC26XXObjects)
                  200038f0    00000050     (.common:pzTask)
                  20003940    00000048     icall.obj (.bss:ICall_entities)
                  20003988    00000044     ll_pxxx.a : ll_ae.o (.bss)
                  200039cc    00000038               : ble.o (.bss)
                  20003a04    00000024     icall.obj (.bss:ICall_tasks)
                  20003a28    00000024     project_zero.obj (.bss:adcClock)
                  20003a4c    00000024     project_zero.obj (.bss:button0DebounceClock)
                  20003a70    00000024     ll_pxxx.a : ll.o (.bss)
                  20003a94    00000024     project_zero.obj (.bss)
                  20003ab8    0000001c     ll_pxxx.a : ble.o (.bss)
                  20003ad4    00000014     rf_singleMode_cc26x0r2.aem3 : RFCC26XX_singleMode.oem3 (.bss:RF_ratSyncCmd)
                  20003ae8    00000014     project_zero.obj (.bss:addrStr$2)
                  20003afc    00000014     project_zero.obj (.bss:addrStr$4)
                  20003b10    00000014     project_zero.obj (.bss:addrStr$5)
                  20003b24    00000014     ll_pxxx.a : ll.o (.bss)
                  20003b38    00000014     driverlib.lib : osc.obj (.bss:oscHfGlobals)
                  20003b4c    00000014     (.common:adcCC26xxObjects)
                  20003b60    00000010     gap_pxxx.a : gap_configmgr.o (.bss)
                  20003b70    00000010     project_zero.obj (.bss:pretty_data_holder$6)
                  20003b80    0000000c     ble5_project_zero_cc2640r2lp_stack_library.lib : osal_timers.obj (.bss:$O1$$)
                  20003b8c    0000000c     project_zero.obj (.bss:appMsgQueue)
                  20003b98    0000000c     project_zero.obj (.bss:buttonPinState)
                  20003ba4    0000000c     project_zero.obj (.bss:connList)
                  20003bb0    0000000c     icall.obj (.bss)
                  20003bbc    0000000c     project_zero.obj (.bss:ledPinState)
                  20003bc8    0000000c     ll_pxxx.a : ll_scheduler.o (.bss)
                  20003bd4    00000008     dpl_cc26x0r2.aem3 : PowerCC26XX_tirtos.oem3 (.bss:$O1$$)
                  20003bdc    00000008     project_zero.obj (.bss:adcParams)
                  20003be4    00000008     button_service.obj (.bss)
                  20003bec    00000008     ll_pxxx.a : ll_common.o (.bss)
                  20003bf4    00000008     project_zero.obj (.bss:paramUpdateList)
                  20003bfc    00000008     driverlib.lib : sys_ctrl.obj (.bss:powerQualGlobals)
                  20003c04    00000008     profiles_pxxx.a : gattservapp.o (.bss)
                  20003c0c    00000008     project_zero.obj (.bss:setPhyCommStatList)
                  20003c14    00000004     ECCROMCC26XX.obj (.bss)
                  20003c18    00000004     att_pxxx.a : att_client.o (.bss)
                  20003c1c    00000004     data_service.obj (.bss)
                  20003c20    00000004     gap_pxxx.a : gap_task.o (.bss)
                  20003c24    00000004     gatt_pxxx.a : gatt_client.o (.bss)
                  20003c28    00000004     ll_pxxx.a : ble.o (.bss)
                  20003c2c    00000004               : ble.o (.bss)
                  20003c30    00000004               : ll.o (.bss)
                  20003c34    00000004               : ll.o (.bss)
                  20003c38    00000004               : ll.o (.bss)
                  20003c3c    00000004               : ll_ae.o (.bss)
                  20003c40    00000004     profiles_pxxx.a : gapgattserver.o (.bss)
                  20003c44    00000004     (.common:ClockP_tickPeriod)
                  20003c48    00000004     (.common:tasksEvents)
                  20003c4c    00000004     (.common:trngCC26XXObjects)
                  20003c50    00000002     project_zero.obj (.bss:buttonMsg$8)
                  20003c52    00000002     drivers_cc26x0r2.aem3 : UARTCC26XX.oem3 (.bss)
                  20003c54    00000002     ll_pxxx.a : ll.o (.bss)
                  20003c56    00000002               : ll.o (.bss)
                  20003c58    00000002               : ll_slave_end_causes.o (.bss)
                  20003c5a    00000001     att_pxxx.a : att_util.o (.bss)
                  20003c5b    00000001     drivers_cc26x0r2.aem3 : CryptoCC26XX.oem3 (.bss)
                  20003c5c    00000001     hci_tl_none.a : hci_tl.o (.bss)
                  20003c5d    00000001                   : hci_tl.o (.bss)
                  20003c5e    00000001                   : hci_tl.o (.bss)
                  20003c5f    00000001                   : hci_tl.o (.bss)
                  20003c60    00000001                   : hci_tl.o (.bss)
                  20003c61    00000001     l2cap_pxxx.a : l2cap_task.o (.bss)
                  20003c62    00000001     ll_pxxx.a : ll.o (.bss)
                  20003c63    00000001               : ll.o (.bss)
                  20003c64    00000001               : ll_ae.o (.bss)
                  20003c65    00000001               : ll_ae.o (.bss)
                  20003c66    00000001               : ll_ae.o (.bss)
                  20003c67    00000001     rf_singleMode_cc26x0r2.aem3 : RFCC26XX_singleMode.oem3 (.bss)
                  20003c68    00000001     (.common:driverlib_release_0_53646)
                  20003c69    00000001     (.common:icall_liteTaskId)
                  20003c6a    00000001     (.common:osal_entity)

.vtable    0    20003c6b    00000000     UNINITIALIZED

.vtable_ram 
*          0    20003c6b    00000000     UNINITIALIZED

vtable_ram 
*          0    20003c6b    00000000     UNINITIALIZED

.sysmem    0    20003c6b    00000000     UNINITIALIZED

.nonretenvar 
*          0    20003c6b    00000000     UNINITIALIZED

.stack     0    20004000    00000400     UNINITIALIZED
                  20004000    00000400     --HOLE--

.text.1    0    0000003c    00000fc4     
                  0000003c    00000df0     ll_pxxx.a : ll.o (.text)
                  00000e2c    00000008     ble_r2.symbols (.tramp.LL_ENC_GenerateTrueRandNum.1)
                  00000e34    00000008     ble_r2.symbols (.tramp.LL_PRIV_GenerateRSA.1)
                  00000e3c    00000008     ble_r2.symbols (.tramp.LL_ENC_Init.1)
                  00000e44    000001b8     drivers_cc26x0r2.aem3 : PINCC26XX.oem3 (.text:PIN_init)
                  00000ffc    00000004     dpl_cc26x0r2.aem3 : PowerCC26XX_tirtos.oem3 (.text:CPUwfi)

.text.2    0    00001330    0001a9b0     
                  00001330    00000820     ll_pxxx.a : ble.o (.text)
                  00001b50    000006d0               : ll_adv_end_causes.o (.text)
                  00002220    00000514               : ll_slave_end_causes.o (.text)
                  00002734    00000474               : ll_slave_end_causes.o (.text)
                  00002ba8    00000468     project_zero.obj (.text:ProjectZero_processGapMessage)
                  00003010    000003fc     ll_pxxx.a : ll_ae.o (.text)
                  0000340c    000003ec     ble5_project_zero_cc2640r2lp_stack_library.lib : gapbondmgr.obj (.text:GAPBondMgr_ProcessGAPMsg)
                  000037f8    000003b8     ll_pxxx.a : ll.o (.text)
                  00003bb0    00000354     project_zero.obj (.text:ProjectZero_init)
                  00003f04    00000318     ll_pxxx.a : ll_isr.o (.text)
                  0000421c    00000314     drivers_cc26x0r2.aem3 : PowerCC26XX_calibrateRCOSC.oem3 (.text:PowerCC26XX_auxISR)
                  00004530    00000314     ll_pxxx.a : ll_isr.o (.text)
                  00004844    0000030c     rom_sysbios.aem3 : rom_sysbios.obj (.text:xdc_runtime_System_doPrint__I)
                  00004b50    00000300     ll_pxxx.a : ll_ae.o (.text)
                  00004e50    000002ac               : ll_slave_end_causes.o (.text)
                  000050fc    000002a4     rf_singleMode_cc26x0r2.aem3 : RFCC26XX_singleMode.oem3 (.text:RF_fsmActiveState)
                  000053a0    0000029c     data_service.obj (.text:Data_Service_WriteAttrCB)
                  0000563c    0000026c     ll_pxxx.a : ll_ae.o (.text)
                  000058a8    00000258     drivers_cc26x0r2.aem3 : CryptoCC26XX.oem3 (.text:cryptoTransactionExecute)
                  00005b00    00000250     ll_pxxx.a : ll_common.o (.text)
                  00005d50    00000244     button_service.obj (.text:ButtonService_SetParameter)
                  00005f94    00000240     data_service.obj (.text:DataService_SetParameter)
                  000061d4    00000238     ll_pxxx.a : ll_scheduler.o (.text)
                  0000640c    0000022c     drivers_cc26x0r2.aem3 : PowerCC26XX.oem3 (.text:Power_sleep)
                  00006638    00000210     ll_pxxx.a : ll_ae.o (.text)
                  00006848    0000020c     driverlib.lib : sys_ctrl.obj (.text:NOROM_SysCtrlSetRechargeBeforePowerDown)
                  00006a54    0000020c     ll_pxxx.a : ll_common.o (.text)
                  00006c60    0000020c               : ll_scheduler.o (.text)
                  00006e6c    00000208     ble5_project_zero_cc2640r2lp_stack_library.lib : gapbondmgr.obj (.text:GAPBondMgr_SetParameter)
                  00007074    00000204     ll_pxxx.a : ll_ae.o (.text)
                  00007278    00000204     profiles_pxxx.a : gattservapp.o (.text)
                  0000747c    00000204     sm_pxxx.a : sm_pairing.o (.text)
                  00007680    000001fc     ble5_project_zero_cc2640r2lp_stack_library.lib : gapbondmgr.obj (.text:GAPBondMgr_ProcessEvent)
                  0000787c    000001ee     main.obj (.text:AssertHandler)
                  00007a6a    00000002     ble5_project_zero_cc2640r2lp_stack_library.lib : common_rom_init.obj (.text:CommonROM_Init)
                  00007a6c    000001e8     led_service.obj (.text:LED_Service_WriteAttrCB)
                  00007c54    000001e4     sm_pxxx.a : sm_rsppairing.o (.text)
                  00007e38    000001dc     ECCROMCC26XX.obj (.text:ECC_VerifyPublicKeyWeierstrass)
                  00008014    000001d8     ble5_project_zero_cc2640r2lp_stack_library.lib : gapbondmgr.obj (.text:gapBondMgrAddBond)
                  000081ec    000001d4     ll_pxxx.a : ll_common.o (.text)
                  000083c0    000001c8     ble5_project_zero_cc2640r2lp_stack_library.lib : osal.obj (.text:osal_run_system)
                  00008588    000001c0                                                    : gap.obj (.text:GAP_DeviceInit)
                  00008748    000001c0     ll_pxxx.a : ll_isr.o (.text)
                  00008908    000001b4               : ll_isr.o (.text)
                  00008abc    000001ac     rf_singleMode_cc26x0r2.aem3 : RFCC26XX_singleMode.oem3 (.text:RF_fsmSetupState)
                  00008c68    000001ac     ll_pxxx.a : ll.o (.text)
                  00008e14    000001a4     ECCROMCC26XX.obj (.text:ECCROMCC26XX_genDHKey)
                  00008fb8    000001a0     rf_singleMode_cc26x0r2.aem3 : RFCC26XX_singleMode.oem3 (.text:RF_open)
                  00009158    000001a0     ll_pxxx.a : ll.o (.text)
                  000092f8    000001a0     profiles_pxxx.a : gapgattserver.o (.text)
                  00009498    00000194     gap_pxxx.a : gap_advertiser.o (.text)
                  0000962c    00000190     drivers_cc26x0r2.aem3 : PowerCC26XX_calibrateRCOSC.oem3 (.text:PowerCC26XX_doCalibrate)
                  000097bc    00000190     project_zero.obj (.text:ProjectZero_sampleADC)
                  0000994c    00000178     profiles_pxxx.a : gattservapp.o (.text)
                  00009ac4    0000016b     project_zero.obj (.text:ProjectZero_processHCIMsg)
                  00009c2f    00000001     --HOLE-- [fill = 0]
                  00009c30    00000168     UartLog.obj (.text:uartLog_doPrint)
                  00009d98    00000164     button_service.obj (.text:Button_Service_ReadAttrCB)
                  00009efc    00000160     data_service.obj (.text:Data_Service_ReadAttrCB)
                  0000a05c    00000160     led_service.obj (.text:LED_Service_ReadAttrCB)
                  0000a1bc    00000160     gatt_pxxx.a : gatt_client.o (.text)
                  0000a31c    00000158     led_service.obj (.text:LedService_SetParameter)
                  0000a474    00000154     drivers_cc26x0r2.aem3 : UARTCC26XX.oem3 (.text:UARTCC26XX_open)
                  0000a5c8    00000154     gap_pxxx.a : gap_advertiser.o (.text)
                  0000a71c    0000014c     gatt_pxxx.a : gatt_server.o (.text)
                  0000a868    00000148     drivers_cc26x0r2.aem3 : UARTCC26XX.oem3 (.text:UARTCC26XX_hwiIntFxn)
                  0000a9b0    00000144     button_service.obj (.text:Button_Service_WriteAttrCB)
                  0000aaf4    00000140     project_zero.obj (.text:ProjectZero_LedService_ValueChangeHandler)
                  0000ac34    00000140     ll_pxxx.a : ll_common.o (.text)
                  0000ad74    0000013c     ble5_project_zero_cc2640r2lp_stack_library.lib : gapbondmgr.obj (.text:gapBondMgrAuthenticate)
                  0000aeb0    00000138     rf_singleMode_cc26x0r2.aem3 : RFCC26XX_singleMode.oem3 (.text:RF_ratSetupChannel)
                  0000afe8    00000138     ll_pxxx.a : ll.o (.text)
                  0000b120    00000138               : ll_isr.o (.text)
                  0000b258    00000134     drivers_cc26x0r2.aem3 : UARTCC26XX.oem3 (.text:UARTCC26XX_read)
                  0000b38c    0000012c                           : PowerCC26XX.oem3 (.text:Power_init)
                  0000b4b8    0000012c     project_zero.obj (.text:ProjectZero_handleUpdateLinkEvent)
                  0000b5e4    0000012c     ble5_project_zero_cc2640r2lp_stack_library.lib : osal_snv_wrapper.obj (.text:compactPage)
                  0000b710    0000012c     sm_pxxx.a : sm_task.o (.text)
                  0000b83c    00000128     ll_pxxx.a : ll_scheduler.o (.text)
                  0000b964    00000124     ECCROMCC26XX.obj (.text:ECCROMCC26XX_genKeys)
                  0000ba88    0000011c     profiles_pxxx.a : gattservapp.o (.text)
                  0000bba4    00000114     project_zero.obj (.text:ProjectZero_processPairState)
                  0000bcb8    00000114     sm_pxxx.a : sm_rsppairing.o (.text)
                  0000bdcc    00000110     gatt_pxxx.a : gatt_server.o (.text)
                  0000bedc    0000010a     icall.obj (.text:ICall_waitMatch)
                  0000bfe6    00000002     ble_user_config.obj (.text:DefaultAssertCback)
                  0000bfe8    00000108     ble5_project_zero_cc2640r2lp_stack_library.lib : osal_snv_wrapper.obj (.text:NVOCOP_writeItem)
                  0000c0f0    00000104     drivers_cc26x0r2.aem3 : UARTCC26XX.oem3 (.text:UARTCC26XX_write)
                  0000c1f4    00000104     ll_pxxx.a : ll_common.o (.text)
                  0000c2f8    000000fc     rtsv7M4_T_le_eabi.lib : fd_mul_t2.asm.obj (.text)
                  0000c3f4    000000fa     gatt_pxxx.a : gatt_client.o (.text)
                  0000c4ee    00000002     driverlib.lib : rfc.obj (.text:NOROM_RFCAdi3VcoLdoVoltageMode)
                  0000c4f0    000000f8     profiles_pxxx.a : gattservapp.o (.text)
                  0000c5e8    000000f8     app_ble_pem3.oem3 (.text:xdc_runtime_System_printfExtend__I)
                  0000c6e0    000000f4     gap_pxxx.a : gap_advertiser.o (.text)
                  0000c7d4    000000f4                : gap_linkmgr.o (.text)
                  0000c8c8    000000f0     devinfoservice.obj (.text:DevInfo_SetParameter)
                  0000c9b8    000000f0     rf_singleMode_cc26x0r2.aem3 : RFCC26XX_singleMode.oem3 (.text:RF_radioOpDoneCb)
                  0000caa8    000000f0     ble5_project_zero_cc2640r2lp_stack_library.lib : osal_timers.obj (.text:osalTimerUpdate)
                  0000cb98    000000f0                                                    : ble_user_config.obj (.text:setBleUserConfig)
                  0000cc88    000000ee                                                    : gapbondmgr.obj (.text:gapBondMgrEraseBonding)
                  0000cd76    00000002                                                    : onboard.obj (.text:Onboard_soft_reset)
                  0000cd78    000000ec     ll_pxxx.a : ll_common.o (.text)
                  0000ce64    000000e8     dpl_cc26x0r2.aem3 : PowerCC26XX_tirtos.oem3 (.text:PowerCC26XX_standbyPolicy)
                  0000cf4c    000000e8     project_zero.obj (.text:ProjectZero_DataService_ValueChangeHandler)
                  0000d034    000000e7     project_zero.obj (.text:ProjectZero_DataService_CfgChangeHandler)
                  0000d11b    00000001     --HOLE-- [fill = 0]
                  0000d11c    000000e4     project_zero.obj (.text:ProjectZero_ButtonService_CfgChangeHandler)
                  0000d200    000000e4     gatt_pxxx.a : gatt_client.o (.text)
                  0000d2e4    000000e4     sm_pxxx.a : sm_pairing.o (.text)
                  0000d3c8    000000e0     ll_pxxx.a : ll_data.o (.text)
                  0000d4a8    000000dc     drivers_cc26x0r2.aem3 : PINCC26XX.oem3 (.text:PINCC26XX_setIoCfg)
                  0000d584    000000dc     gap_pxxx.a : gap_linkmgr.o (.text)
                  0000d660    000000dc                : gap_task.o (.text)
                  0000d73c    000000dc     hci_pxxx.a : hci_event.o (.text)
                  0000d818    000000dc     ll_pxxx.a : ll.o (.text)
                  0000d8f4    000000dc     ble5_project_zero_cc2640r2lp_stack_library.lib : osal.obj (.text:osal_set_event)
                  0000d9d0    000000dc     sm_pxxx.a : sm_pairing.o (.text)
                  0000daac    000000da     ll_pxxx.a : ll_ae.o (.text)
                  0000db86    00000002     rf_singleMode_cc26x0r2.aem3 : RFCC26XX_singleMode.oem3 (.text:RF_defaultCallback)
                  0000db88    000000d8     drivers_cc26x0r2.aem3 : ADCCC26XX.oem3 (.text:ADCCC26XX_convert)
                  0000dc60    000000d8     ll_pxxx.a : ll.o (.text)
                  0000dd38    000000d4     drivers_cc26x0r2.aem3 : CryptoCC26XX.oem3 (.text:CryptoCC26XX_open)
                  0000de0c    000000d4     rf_singleMode_cc26x0r2.aem3 : RFCC26XX_singleMode.oem3 (.text:RF_pendCmd)
                  0000dee0    000000d4     smp_pxxx.a : smp.o (.text)
                  0000dfb4    000000d0     rf_singleMode_cc26x0r2.aem3 : RFCC26XX_singleMode.oem3 (.text:RF_fsmPowerUpState)
                  0000e084    000000d0     ble5_project_zero_cc2640r2lp_stack_library.lib : gapbondmgr.obj (.text:gapBondMgr_LinkEst)
                  0000e154    000000d0     ll_pxxx.a : ll_ae.o (.text)
                  0000e224    000000cc     button_service.obj (.text:ButtonService_AddService)
                  0000e2f0    000000cc     rf_singleMode_cc26x0r2.aem3 : RFCC26XX_singleMode.oem3 (.text:RF_swiHw)
                  0000e3bc    000000cc     devinfoservice.obj (.text:devInfo_ReadAttrCB)
                  0000e488    000000cc     ll_pxxx.a : ll_ae.o (.text)
                  0000e554    000000c8     sm_pxxx.a : sm_pairing.o (.text)
                  0000e61c    000000c4     project_zero.obj (.text:ProjectZero_processApplicationMessage)
                  0000e6e0    000000c4     rf_singleMode_cc26x0r2.aem3 : RFCC26XX_singleMode.oem3 (.text:RF_control)
                  0000e7a4    000000c4                                 : RFCC26XX_singleMode.oem3 (.text:RF_postCmd)
                  0000e868    000000c4     sm_pxxx.a : sm_pairing.o (.text)
                  0000e92c    000000c0     driverlib.lib : aux_adc.obj (.text:NOROM_AUXADCEnableSync)
                  0000e9ec    000000c0     ll_pxxx.a : ll_ae.o (.text)
                  0000eaac    000000bf     project_zero.obj (.text:ProjectZero_processAdvEvent)
                  0000eb6b    00000001     --HOLE-- [fill = 0]
                  0000eb6c    000000be     gap_pxxx.a : gap_linkmgr.o (.text)
                  0000ec2a    00000002     ble5_project_zero_cc2640r2lp_stack_library.lib : sm_ecc.obj (.text:SM_dhKeyCB)
                  0000ec2c    000000bc     button_service.obj (.text:ButtonService_RegisterAppCBs)
                  0000ece8    000000bc     ble5_project_zero_cc2640r2lp_stack_library.lib : gapbondmgr.obj (.text:GAPBondMgr_FindAddr)
                  0000eda4    000000bc     drivers_cc26x0r2.aem3 : PowerCC26XX.oem3 (.text:Power_releaseDependency)
                  0000ee60    000000bc     project_zero.obj (.text:ProjectZero_DataService_ValueChangeCB)
                  0000ef1c    000000bc     project_zero.obj (.text:ProjectZero_handleButtonPress)
                  0000efd8    000000bc     gap_pxxx.a : gap_advertiser.o (.text)
                  0000f094    000000bc     hci_pxxx.a : hci_event.o (.text)
                  0000f150    000000bc                : hci_event.o (.text)
                  0000f20c    000000bc     ll_pxxx.a : ll_common.o (.text)
                  0000f2c8    000000bb     project_zero.obj (.text:ProjectZero_LedService_ValueChangeCB)
                  0000f383    00000001     --HOLE-- [fill = 0]
                  0000f384    000000b8     data_service.obj (.text:DataService_RegisterAppCBs)
                  0000f43c    000000b8     project_zero.obj (.text:ProjectZero_taskFxn)
                  0000f4f4    000000b8     ll_pxxx.a : ll.o (.text)
                  0000f5ac    000000b4     gattservapp_util.obj (.text:GATTServApp_ProcessCharCfg)
                  0000f660    000000b4     led_service.obj (.text:LedService_RegisterAppCBs)
                  0000f714    000000b4     drivers_cc26x0r2.aem3 : PowerCC26XX.oem3 (.text:Power_setDependency)
                  0000f7c8    000000b0     project_zero.obj (.text:ProjectZero_ButtonService_CfgChangeCB)
                  0000f878    000000b0     project_zero.obj (.text:adcSwiFxn)
                  0000f928    000000b0     gap_pxxx.a : gap_linkmgr.o (.text)
                  0000f9d8    000000b0     ll_pxxx.a : ble.o (.text)
                  0000fa88    000000b0               : ll_scheduler.o (.text)
                  0000fb38    000000ae     project_zero.obj (.text:ProjectZero_DataService_CfgChangeCB)
                  0000fbe6    00000002     ble5_project_zero_cc2640r2lp_stack_library.lib : sm_ecc.obj (.text:SM_p256KeyCB)
                  0000fbe8    000000ac     data_service.obj (.text:DataService_AddService)
                  0000fc94    000000ac     driverlib.lib : setup.obj (.text:NOROM_SetupTrimDevice)
                  0000fd40    000000ac     rf_singleMode_cc26x0r2.aem3 : RFCC26XX_singleMode.oem3 (.text:RF_abortCmd)
                  0000fdec    000000ac     UartLog.obj (.text:UartLog_log)
                  0000fe98    000000ac     att_pxxx.a : att_util.o (.text)
                  0000ff44    000000ac     gap_pxxx.a : gap_advertiser.o (.text)
                  0000fff0    000000aa     ll_pxxx.a : ll_common.o (.text)
                  0001009a    000000aa     sm_pxxx.a : sm_mgr.o (.text)
                  00010144    000000a8     rf_singleMode_cc26x0r2.aem3 : RFCC26XX_singleMode.oem3 (.text:RF_dispatchNextCmd)
                  000101ec    000000a8     ll_pxxx.a : ll.o (.text)
                  00010294    000000a6     rom_sysbios.aem3 : rom_sysbios.obj (.text:xdc_runtime_Text_putSite__E)
                  0001033a    00000002     rtsv7M4_T_le_eabi.lib : _lock.c.obj (.text:_nop)
                  0001033c    000000a4     project_zero.obj (.text:ProjectZero_processPasscode)
                  000103e0    000000a4     rf_singleMode_cc26x0r2.aem3 : RFCC26XX_singleMode.oem3 (.text:RF_ratRestartChannels)
                  00010484    000000a4     ble5_project_zero_cc2640r2lp_stack_library.lib : osal_cbtimer.obj (.text:cbTimerSetup)
                  00010528    000000a4     gatt_pxxx.a : gatt_client.o (.text)
                  000105cc    000000a4     ll_pxxx.a : ll_common.o (.text)
                  00010670    000000a4               : ll_common.o (.text)
                  00010714    000000a4               : ll_enc.o (.text)
                  000107b8    000000a4     drivers_cc26x0r2.aem3 : PowerCC26XX.oem3 (.text:switchXOSCHFclockFunc)
                  0001085c    000000a0     icall.obj (.text:ICall_heapMalloc)
                  000108fc    000000a0     drivers_cc26x0r2.aem3 : PINCC26XX.oem3 (.text:PIN_open)
                  0001099c    000000a0     auto_init.aem3 : auto_init.oem3 (.text)
                  00010a3c    000000a0     ble5_project_zero_cc2640r2lp_stack_library.lib : gapbondmgr.obj (.text:gapBondMgrUpdateCharCfg)
                  00010adc    0000009c     driverlib.lib : aux_adc.obj (.text:NOROM_AUXADCDisable)
                  00010b78    0000009c     rf_singleMode_cc26x0r2.aem3 : RFCC26XX_singleMode.oem3 (.text:RF_calculateDispatchTime)
                  00010c14    0000009c     drivers_cc26x0r2.aem3 : UARTCC26XX.oem3 (.text:UARTCC26XX_writeCancel)
                  00010cb0    0000009c     ll_pxxx.a : ll.o (.text)
                  00010d4c    0000009c     rtsv7M4_T_le_eabi.lib : memcpy_t2.asm.obj (.text)
                  00010de8    00000098     icall.obj (.text:ICall_setTimer)
                  00010e80    00000098     drivers_cc26x0r2.aem3 : UARTCC26XX.oem3 (.text:UARTCC26XX_initHw)
                  00010f18    00000098                           : UARTCC26XX.oem3 (.text:UARTCC26XX_initIO)
                  00010fb0    00000098                           : UARTCC26XX.oem3 (.text:UARTCC26XX_swiIntFxn)
                  00011048    00000098     ll_pxxx.a : ll.o (.text)
                  000110e0    00000098     ble5_project_zero_cc2640r2lp_stack_library.lib : osal_cbtimer.obj (.text:osal_CbTimerProcessEvent)
                  00011178    00000098     rom_sysbios.aem3 : rom_sysbios.obj (.text:ti_sysbios_knl_Clock_workFuncDynamic__E)
                  00011210    00000098                      : rom_sysbios.obj (.text:xdc_runtime_Text_putMod__E)
                  000112a8    00000096     rtsv7M4_T_le_eabi.lib : ull_div_t2.asm.obj (.text)
                  0001133e    00000002     drivers_cc26x0r2.aem3 : PowerCC26XX.oem3 (.text:emptyClockFunc)
                  00011340    00000094     driverlib.lib : crypto.obj (.text:NOROM_CRYPTOAesLoadKey)
                  000113d4    00000094     TRNGCC26XX.obj (.text:TRNGCC26XX_getNumber)
                  00011468    00000094     gatt_pxxx.a : gatt_client.o (.text)
                  000114fc    00000094                 : gatt_server.o (.text)
                  00011590    00000094     ll_pxxx.a : ll.o (.text)
                  00011624    00000094               : ll_data.o (.text)
                  000116b8    00000093     project_zero.obj (.text:ProjectZero_processCmdCompleteEvt)
                  0001174b    00000001     --HOLE-- [fill = 0]
                  0001174c    00000092     gap_pxxx.a : linkdb.o (.text)
                  000117de    00000092     ll_pxxx.a : ll_ae.o (.text)
                  00011870    00000092               : ll_common.o (.text)
                  00011902    00000092               : ll_enc.o (.text)
                  00011994    00000090     project_zero.obj (.text:buttonCallbackFxn)
                  00011a24    00000090     ble5_project_zero_cc2640r2lp_stack_library.lib : gapbondmgr.obj (.text:gapBondMgr_syncResolvingList)
                  00011ab4    00000090     gattservapp_util.obj (.text:gattServApp_SendNotiInd)
                  00011b44    00000090     ll_pxxx.a : ll_scheduler.o (.text)
                  00011bd4    00000090               : ll_wl.o (.text)
                  00011c64    00000090     sm_pxxx.a : sm_pairing.o (.text)
                  00011cf4    00000090     rom_sysbios.aem3 : rom_sysbios.obj (.text:ti_sysbios_family_arm_cc26xx_Timer_start__E)
                  00011d84    00000090     project_zero.obj (.text:util_arrtohex)
                  00011e14    0000008c     icall_cc2650.obj (.text:ICallPlatform_pwrUpdActivityCounter)
                  00011ea0    0000008c     led_service.obj (.text:LedService_AddService)
                  00011f2c    0000008c     project_zero.obj (.text:ProjectZero_sendParamUpdate)
                  00011fb8    0000008c     driverlib.lib : setup.obj (.text:TrimAfterColdResetWakeupFromShutDown)
                  00012044    0000008c     gatt_pxxx.a : gatt_client.o (.text)
                  000120d0    0000008c     ll_pxxx.a : ll_common.o (.text)
                  0001215c    0000008a     drivers_cc26x0r2.aem3 : CryptoCC26XX.oem3 (.text:CryptoCC26XX_allocateKey)
                  000121e6    00000002     ble5_project_zero_cc2640r2lp_stack_library.lib : hal_assert.obj (.text:halAssertHandler)
                  000121e8    00000088     drivers_cc26x0r2.aem3 : ADCCC26XX.oem3 (.text:ADCCC26XX_open)
                  00012270    00000088     project_zero.obj (.text:ProjectZero_updatePHYStat)
                  000122f8    00000088     gap_pxxx.a : gap_linkmgr.o (.text)
                  00012380    00000088     hci_pxxx.a : hci_event.o (.text)
[...]
20003c24  clientInfoTbl                                                             
20003c28  linkCmd                                                                   
20003c2c  linkParam                                                                 
20003c30  dtmInfo                                                                   
20003c34  pRfPathComp                                                               
20003c38  rtosApiTblPtr                                                             
20003c3c  advSetList                                                                
20003c44  ClockP_tickPeriod                                                         
20003c48  tasksEvents                                                               
20003c4c  trngCC26XXObjects                                                         
20003c54  connInitialMaxTxTimeUncoded                                               
20003c56  connInitialMaxTxTimeCoded                                                 
20003c5a  att_sendRspOnly                                                           
20003c5c  hciTaskID                                                                 
20003c5d  hciL2capTaskID                                                            
20003c5e  hciGapTaskID                                                              
20003c5f  hciSmpTaskID                                                              
20003c60  hciTestTaskID                                                             
20003c61  l2cap_gattServAppTaskID                                                   
20003c62  defaultPhy                                                                
20003c63  scanReqRpt                                                                
20003c64  aeCurAdvEnableHandle                                                      
20003c65  aeCurHandle                                                               
20003c66  aeCurConnHandle                                                           
20003c68  driverlib_release_0_53646                                                 
20003c69  icall_liteTaskId                                                          
20003c6a  osal_entity                                                               
20003c6b  heapStart                                                                 
20004000  __stack                                                                   
20004000  heapEnd                                                                   
20004400  __STACK_END                                                               
20004400  __STACK_TOP                                                               
200044f8  RAM_BASE_ADDR                                                             
20004504  ROM_FlashJT                                                               
20004558  gapPeripheralCBs                                                          
20004564  gapPeripheralConnCBs                                                      
2000459c  slaveConnHandle                                                           
2000459e  nextHandle                                                                
200045a0  l2capMtuSize                                                              
200045a2  gapAppTaskID                                                              
200045a3  gapAdvAppTaskID                                                           
200045a4  gapUnwantedTaskID                                                         
200045a5  reqTaskId                                                                 
200045a6  gattAppTaskID                                                             
200045a7  appTaskID                                                                 
200045a8  flowCtrlTaskId                                                            
200045a9  SM_appTaskID                                                              
200046ec  scanDataEntry                                                             
200047cc  wlTable                                                                   
200048a8  wlTableScan                                                               
20004988  rfObject                                                                  
20004a20  advCmd                                                                    
20004a68  localEccKeys                                                              
20004aac  initDataEntry                                                             
20004b1c  l2capFixedChannels                                                        
20004b4c  linkCBs                                                                   
20004b7c  eccParams                                                                 
20004bac  initParam                                                                 
20004bd0  scanParam                                                                 
20004bf4  advParam                                                                  
20004c14  cryptoPRAND                                                               
20004c34  txModemTestCmd                                                            
20004c50  gapParams                                                                 
20004c6c  initCmd                                                                   
20004c84  connReqData                                                               
20004c9c  scanCmd                                                                   
20004cb4  scanOutput                                                                
20004ce4  rxModemTestCmd                                                            
20004cfc  rsp                                                                       
20004d14  fwParDtmCmd                                                               
20004d44  fwParRfCmd                                                                
20004d5c  connOutput                                                                
20004d70  rxTestParam                                                               
20004d84  initDataQueue                                                             
20004d94  scanDataQueue                                                             
20004da4  advDataQueue                                                              
20004db4  advOutput                                                                 
20004dc4  txTestParam                                                               
20004dd4  initOutput                                                                
20004de0  rxTestOut                                                                 
20004df8  cachedTRNGdata                                                            
20004e04  gapCurrentRandomAddr                                                      
20004e0c  slaveUpdateReq                                                            
20004e14  pBleEvtMask                                                               
20004e1c  pHciEvtMask                                                               
20004e24  pHciEvtMask2                                                              
20004e2c  ownPublicAddr                                                             
20004e34  ownRandomAddr                                                             
20004e3c  ownSavedPublicAddr                                                        
20004e44  fwImmedCmd                                                                
20004e4c  attServerNotifyTxCB                                                       
20004e50  rfEvent                                                                   
20004e58  fwParCmd                                                                  
20004e60  verInfo                                                                   
20004e68  llConns                                                                   
20004e70  fwParamImmedCmd                                                           
20004e78  privInfo                                                                  
20004e88  rxDataQ                                                                   
20004e8c  txDataQ                                                                   
20004e90  rxRingBuf                                                                 
20004e94  txTestOut                                                                 
20004e98  pGapDiscReq                                                               
20004e9c  pGapAdvertState                                                           
20004ea0  pEstLink                                                                  
20004ea4  pAuthLink                                                                 
20004ea8  pfnCentralConnCBs                                                         
20004eac  pfnPeripheralConnCBs                                                      
20004eb0  pGapAdvTokens                                                             
20004eb4  pGapAdData                                                                
20004eb8  pGapScanRspData                                                           
20004ebc  pfnPeripheralCBs                                                          
20004ec0  pfnCentralCBs                                                             
20004ec8  serverInfoTbl                                                             
20004ecc  pServiceList                                                              
20004ed0  pfnServerProcessMsgCB                                                     
20004ed4  pfnClientProcessMsgCB                                                     
20004ed8  prepareWritesTbl                                                          
20004edc  serviceCBsList                                                            
20004ee0  pAttrValue                                                                
20004ee4  l2capChannels                                                             
20004ee8  linkDB                                                                    
20004eec  rfHandle                                                                  
20004ef0  rfDrvTblPtr                                                               
20004ef4  eccDrvTblPtr                                                              
20004ef8  cryptoDrvTblPtr                                                           
20004efc  trngDrvTblPtr                                                             
20004f00  activeConns                                                               
20004f04  SysBootMsg                                                                
20004f08  sclkSrc                                                                   
20004f0c  buildInfo                                                                 
20004f10  advInfo                                                                   
20004f18  initInfo                                                                  
20004f20  taskEndAction                                                             
20004f24  encParams                                                                 
20004f28  encHandle                                                                 
20004f2c  encKey                                                                    
20004f30  pPairingParams                                                            
20004f34  pfnResponderCBs                                                           
20004f38  pfnInitiatorCBs                                                           
20004f3c  gapLimitedAdvertisingTimeout                                              
20004f3e  attrLen                                                                   
20004f40  numHostBufs                                                               
20004f42  rfCmdHandle                                                               
20004f44  connInitialMaxTxOctets                                                    
20004f46  connInitialMaxTxTime                                                      
20004f48  supportedMaxTxOctets                                                      
20004f4a  supportedMaxTxTime                                                        
20004f4c  supportedMaxRxOctets                                                      
20004f4e  supportedMaxRxTime                                                        
20004f50  taskEndStatus                                                             
20004f52  postRfOperations                                                          
20004f54  rfCfgAdiVal                                                               
20004f58  gapProfileRole                                                            
20004f59  gapDeviceAddrMode                                                         
20004f5a  gapState                                                                  
20004f5b  terminateAllTaskID                                                        
20004f5c  terminateReason                                                           
20004f5d  gapTaskID                                                                 
20004f5e  gattNumConns                                                              
20004f5f  gattTaskID                                                                
20004f60  GATTServApp_TaskID                                                        
20004f61  maxNumPrepareWrites                                                       
20004f62  hciPTMenabled                                                             
20004f63  ctrlToHostEnable                                                          
20004f64  l2capFlowCtrlMode                                                         
20004f65  l2capTaskID                                                               
20004f66  l2capNumChannels                                                          
20004f67  l2capNumDataPkts                                                          
20004f68  l2capId                                                                   
20004f69  linkDBNumConns                                                            
20004f6a  linkDB_secureConnectionOnlyMode                                           
20004f6b  maxPduSize                                                                
20004f6c  rfFeModeBias                                                              
20004f6d  maxNumTxDataBufs                                                          
20004f6e  LL_TaskID                                                                 
20004f6f  llState                                                                   
20004f70  rssiCorrection                                                            
20004f71  curTxPowerVal                                                             
20004f72  maxTxPwrForDTM                                                            
20004f73  onePktPerEvt                                                              
20004f74  numComplPkts                                                              
20004f75  numComplPktsLimit                                                         
20004f76  numComplPktsFlush                                                         
20004f77  fastTxRespTime                                                            
20004f78  slOverride                                                                
20004f79  rxFifoFlowCtrl                                                            
20004f7a  numTxDataBufs                                                             
20004f7b  maxNumConns                                                               
20004f7c  smTaskID                                                                  
20004f7d  SM_appExpectingKey                                                        
20004f80  ECC_DATA$$Base                                                            
20004f80  eccRom_param_Gx                                                           
20004f84  eccRom_param_Gy                                                           
20004f88  eccRom_workzone                                                           
20004f8c  eccRom_param_p                                                            
20004f90  eccRom_param_r                                                            
20004f94  eccRom_param_a                                                            
20004f98  eccRom_param_b                                                            
20004f9c  eccRom_windowSize                                                         
20004fa0  aux64                                                                     
20004fa8  MOD                                                                       
20004fac  LEN                                                                       
20004fb0  inScalar                                                                  
20004fb4  inPointX                                                                  
20004fb8  inPointY                                                                  
20004fbc  outPointX                                                                 
20004fc0  outPointY                                                                 
20004fc4  SCAL                                                                      
20004fc8  EXPX                                                                      
20004fcc  EXPY                                                                      
20004fd0  EXPZ                                                                      
20004fd4  EXPW                                                                      
20004fd8  ACCX                                                                      
20004fdc  ACCY                                                                      
20004fe0  ACCZ                                                                      
20004fe4  TMP1                                                                      
20004fe8  TMP2                                                                      
20004fec  TMP3                                                                      
20004ff0  TMP4                                                                      
20004ff4  TMP5                                                                      
20004ff8  TMP6                                                                      
20004ffc  MSBMOD                                                                    
20005000  ECC_DATA$$Limit                                                           
e000e000  ti_sysbios_family_arm_m3_Hwi_nvic                                         
ffffffff  __TI_pprof_out_hndl                                                       
ffffffff  __TI_prof_data_size                                                       
ffffffff  __TI_prof_data_start                                                      
ffffffff  __binit__                                                                 
ffffffff  __c_args__                                                                
ffffffff  binit                                                                     
UNDEFED   SHT$$INIT_ARRAY$$Base                                                     
UNDEFED   SHT$$INIT_ARRAY$$Limit                                                    

[2462 symbols]
